// Jest Snapshot v1, https://goo.gl/fbAQLP

exports[`renders unsplash app correctly 1`] = `
<DocumentFragment>
  <span
    data-testid="loading"
  >
    Loading...
  </span>
</DocumentFragment>
`;
